<xi:include xmlns:xi="http://www.w3.org/2001/XInclude" href="modules/check_test.xml"/>
<xi:include xmlns:xi="http://www.w3.org/2001/XInclude" href="modules/collectd.xml"/>
<xi:include xmlns:xi="http://www.w3.org/2001/XInclude" href="modules/custom_config.xml"/>
<xi:include xmlns:xi="http://www.w3.org/2001/XInclude" href="modules/dns.xml"/>
<xi:include xmlns:xi="http://www.w3.org/2001/XInclude" href="modules/external.xml"/>
<xi:include xmlns:xi="http://www.w3.org/2001/XInclude" href="modules/ganglia.xml"/>
<xi:include xmlns:xi="http://www.w3.org/2001/XInclude" href="modules/httptrap.xml"/>
<xi:include xmlns:xi="http://www.w3.org/2001/XInclude" href="modules/ip_acl.xml"/>
<xi:include xmlns:xi="http://www.w3.org/2001/XInclude" href="modules/lua.xml"/>
<xi:include xmlns:xi="http://www.w3.org/2001/XInclude" href="modules/mysql.xml"/>
<xi:include xmlns:xi="http://www.w3.org/2001/XInclude" href="modules/noit.module.cloudwatch.xml"/>
<xi:include xmlns:xi="http://www.w3.org/2001/XInclude" href="modules/noit.module.dhcp.xml"/>
<xi:include xmlns:xi="http://www.w3.org/2001/XInclude" href="modules/noit.module.haproxy.xml"/>
<xi:include xmlns:xi="http://www.w3.org/2001/XInclude" href="modules/noit.module.http.xml"/>
<xi:include xmlns:xi="http://www.w3.org/2001/XInclude" href="modules/noit.module.imap.xml"/>
<xi:include xmlns:xi="http://www.w3.org/2001/XInclude" href="modules/noit.module.jezebel.xml"/>
<xi:include xmlns:xi="http://www.w3.org/2001/XInclude" href="modules/noit.module.keynote.xml"/>
<xi:include xmlns:xi="http://www.w3.org/2001/XInclude" href="modules/noit.module.keynote_pulse.xml"/>
<xi:include xmlns:xi="http://www.w3.org/2001/XInclude" href="modules/noit.module.memcached.xml"/>
<xi:include xmlns:xi="http://www.w3.org/2001/XInclude" href="modules/noit.module.monit.xml"/>
<xi:include xmlns:xi="http://www.w3.org/2001/XInclude" href="modules/noit.module.munin.xml"/>
<xi:include xmlns:xi="http://www.w3.org/2001/XInclude" href="modules/noit.module.nginx.xml"/>
<xi:include xmlns:xi="http://www.w3.org/2001/XInclude" href="modules/noit.module.nrpe.xml"/>
<xi:include xmlns:xi="http://www.w3.org/2001/XInclude" href="modules/noit.module.ntp.xml"/>
<xi:include xmlns:xi="http://www.w3.org/2001/XInclude" href="modules/noit.module.pop3.xml"/>
<xi:include xmlns:xi="http://www.w3.org/2001/XInclude" href="modules/noit.module.redis.xml"/>
<xi:include xmlns:xi="http://www.w3.org/2001/XInclude" href="modules/noit.module.resmon.elasticsearch.xml"/>
<xi:include xmlns:xi="http://www.w3.org/2001/XInclude" href="modules/noit.module.resmon.xml"/>
<xi:include xmlns:xi="http://www.w3.org/2001/XInclude" href="modules/noit.module.smtp.xml"/>
<xi:include xmlns:xi="http://www.w3.org/2001/XInclude" href="modules/noit.module.tcp.xml"/>
<xi:include xmlns:xi="http://www.w3.org/2001/XInclude" href="modules/noit.module.varnish.xml"/>
<xi:include xmlns:xi="http://www.w3.org/2001/XInclude" href="modules/ping_icmp.xml"/>
<xi:include xmlns:xi="http://www.w3.org/2001/XInclude" href="modules/postgres.xml"/>
<xi:include xmlns:xi="http://www.w3.org/2001/XInclude" href="modules/selfcheck.xml"/>
<xi:include xmlns:xi="http://www.w3.org/2001/XInclude" href="modules/snmp.xml"/>
<xi:include xmlns:xi="http://www.w3.org/2001/XInclude" href="modules/snmptrap.xml"/>
<xi:include xmlns:xi="http://www.w3.org/2001/XInclude" href="modules/ssh2.xml"/>
<xi:include xmlns:xi="http://www.w3.org/2001/XInclude" href="modules/statsd.xml"/>
